// Jest Snapshot v1, https://goo.gl/fbAQLP

exports[`Tests NavBar component should render the component 1`] = `
<div>
  <nav
    className="navbar navbar-expand-md navbar-dark bg-dark fixed-top"
  >
    <a
      className="navbar-brand col-sm-3 col-md-2 mr-0 align-items-center"
    >
      Pokemon
    </a>
  </nav>
</div>
`;
